  Log warm-cache: C:\Users\Bryan Grijalva\Documents\Dev\steam-deals\steam-wishlist-deals\logs\warm-cache-2026-04-18_17-43-29.log
  Flujo recomendado: wizard web (python3 steam_deals_web.py).
  CLI disponible con flags/config, o modo interactivo con --interactive.

  Sin API Key — modo público (wishlist debe ser pública)

[1/3] Resolviendo Steam ID...
  OK  76561198245393934

[2/3] Obteniendo wishlist...
  OK  2,941 juegos (2,796 con prioridad)

[3/3] Precalentando caché de precios...
  OK  Caché válida (17.2h) — sin nuevos, skip fetch
  Fetching 415 juegos en 21 batches (~0.5 min)...

  ------------------------- 0/415 ETA ~0.5 min  
  !  HTTP 400 en batch 1, saltando

  Batch falló, intentando individualmente...

  #------------------------ 20/415 ETA 11.9m  
  !  HTTP 400 en batch 2, saltando

  Batch falló, intentando individualmente...

  ##----------------------- 40/415 ETA 11.2m  
  !  HTTP 400 en batch 3, saltando

  Batch falló, intentando individualmente...

  ###---------------------- 60/415 ETA 10.5m  
  !  HTTP 400 en batch 4, saltando

  Batch falló, intentando individualmente...

  ####--------------------- 80/415 ETA 9.9m  
  !  HTTP 400 en batch 5, saltando

  Batch falló, intentando individualmente...

  ######------------------- 100/415 ETA 9.3m  
  !  HTTP 400 en batch 6, saltando

  Batch falló, intentando individualmente...

  #######------------------ 120/415 ETA 8.7m  
  !  HTTP 400 en batch 7, saltando

  Batch falló, intentando individualmente...

  ########----------------- 140/415 ETA 8.1m  
  !  HTTP 400 en batch 8, saltando

  Batch falló, intentando individualmente...

  #########---------------- 160/415 ETA 7.6m  
  !  HTTP 400 en batch 9, saltando

  Batch falló, intentando individualmente...

  ##########--------------- 180/415 ETA 7.0m  
  !  HTTP 400 en batch 10, saltando

  Batch falló, intentando individualmente...

  ############------------- 200/415 ETA 6.4m  
  !  HTTP 400 en batch 11, saltando

  Batch falló, intentando individualmente...

  #############------------ 220/415 ETA 5.8m  
  !  HTTP 400 en batch 12, saltando

  Batch falló, intentando individualmente...

  ##############----------- 240/415 ETA 5.2m  
  !  HTTP 400 en batch 13, saltando

  Batch falló, intentando individualmente...

  ###############---------- 260/415 ETA 4.6m  
  !  HTTP 400 en batch 14, saltando

  Batch falló, intentando individualmente...

  ################--------- 280/415 ETA 4.0m  
  !  HTTP 400 en batch 15, saltando

  Batch falló, intentando individualmente...

  ##################------- 300/415 ETA 3.4m  
  !  HTTP 400 en batch 16, saltando

  Batch falló, intentando individualmente...

  ###################------ 320/415 ETA 2.8m  
  !  HTTP 400 en batch 17, saltando

  Batch falló, intentando individualmente...

  ####################----- 340/415 ETA 2.2m  
  !  HTTP 400 en batch 18, saltando

  Batch falló, intentando individualmente...

  #####################---- 360/415 ETA 1.6m  
  !  HTTP 400 en batch 19, saltando

  Batch falló, intentando individualmente...

  ######################--- 380/415 ETA 1.0m  
  !  HTTP 400 en batch 20, saltando

  Batch falló, intentando individualmente...

  ########################- 400/415 ETA 0.4m  
  !  HTTP 400 en batch 21, saltando

  Batch falló, intentando individualmente...

                                                                        
